const __mtl_curry = f => (...args) => {
  if (args.length >= f.length) {
    return f(...args);
  }

  return __mtl_curry(f.bind(null, ...args));
};

const printArray = ((arr) => {
  return console.log(String(arr));
});

const printSomeArray = (() => {
  return console.log(String([1, 2, 3]));
});

printArray(["one", 2, 3]);

printSomeArray();
