const __mtl_curry = f => (...args) => {
  if (args.length >= f.length) {
    return f(...args);
  }

  return __mtl_curry(f.bind(null, ...args));
};

const createPoint = __mtl_curry((x, y) => {
  return ((prop) => {
    return (() => {
      if ((prop === "x")) {
        return x;
      } else if ((prop === "y")) {
        return y;
      }
    })();
  });
});

const point = createPoint(10, 20);

console.log(String(point("x")));

console.log(String(point("y")));
