const __mtl_curry = f => (...args) => {
  if (args.length >= f.length) {
    return f(...args);
  }

  return __mtl_curry(f.bind(null, ...args));
};

const square = ((x) => {
  return (x * x);
});

console.log(String([1, 2, 42][2]));

console.log(String([2, null, 4, 6].filter(Boolean).map(square).join("|")));
